[33mERROR[39m: POST /api/sessions/register . 07:55:55 Error: Invalid credentials
[33mERROR[39m: POST /api/sessions/login . 08:11:38 Error: Bad auth from login
[33mERROR[39m: GET /api/artillery/simplex undefined . 12:16:47 TypeError: callback.apply is not a function
[33mERROR[39m: GET /api/artillery/simplex undefined . 12:16:59 TypeError: callback.apply is not a function
[33mERROR[39m: GET /api/artillery/complex undefined . 12:24:37 ReferenceError: total is not defined
[33mERROR[39m: POST /api/sessions/login 401 . 18:47:36 Error: Bad auth from login
[33mERROR[39m: POST /api/sessions/login 401 . 18:54:22 Error: Bad auth from login
[33mERROR[39m: POST /api/sessions/login undefined . 19:39:26 Error: Bad auth from login
[33mERROR[39m: POST /api/sessions/login undefined . 19:42:52 Error: Bad auth from login
[33mERROR[39m: POST /api/sessions/login undefined . 14:41:01 Error: Bad auth from login
[33mERROR[39m: POST /api/products/ undefined . 15:12:36 TypeError: winston.ERROR is not a function
[33mERROR[39m: POST /api/products/ undefined . 15:24:39 TypeError: winston.ERROR is not a function
[33mERROR[39m: POST / 403 - 15:42:42 - Forbidden from poliecies!!!!
[33mERROR[39m: GET /online 400 - 16:13:31 - No token provided
[33mERROR[39m: GET /api/loggers/ undefined . 16:17:57 TypeError: Converting circular structure to JSON
FATAL: Este es un mensaje de log FATAL
ERROR: Este es un mensaje de log ERROR
FATAL: Este es un mensaje de log FATAL
ERROR: Este es un mensaje de log ERROR
ERROR: GET /online 400 - 17:39:09 - No token provided
ERROR: GET /online 400 - 19:15:36 - No token provided
ERROR: GET /online 400 - 19:20:59 - No token provided
ERROR: GET /online 400 - 18:55:35 - No token provided
ERROR: GET /online 400 - 16:07:38 - No token provided
ERROR: GET /online 400 - 16:07:47 - No token provided
ERROR: PUT /password 400 - 16:33:22 - No token provided
ERROR: PUT /password 403 - 16:34:22 - Forbidden from poliecies!!!!
ERROR: PUT /password 403 - 16:34:52 - Forbidden from poliecies!!!!
ERROR: GET /password 404 - 16:35:06 - Not found docs
ERROR: PUT /password 403 - 16:36:25 - Forbidden from poliecies!!!!
ERROR: PUT /password 403 - 16:36:48 - Forbidden from poliecies!!!!
ERROR: PUT /password 403 - 16:36:55 - Forbidden from poliecies!!!!
ERROR: PUT /password 403 - 16:37:57 - Forbidden from poliecies!!!!
ERROR: PUT /password 403 - 16:39:14 - Forbidden from poliecies!!!!
ERROR: PUT /password 403 - 16:39:43 - Forbidden from poliecies!!!!
ERROR: PUT /ru 403 - 16:43:10 - Forbidden from poliecies!!!!
ERROR: PUT /russs 403 - 16:43:20 - Forbidden from poliecies!!!!
ERROR: PUT /russs 403 - 16:43:24 - Forbidden from poliecies!!!!
ERROR: PUT /password 403 - 16:45:41 - Forbidden from poliecies!!!!
ERROR: PUT /password 403 - 16:45:51 - Forbidden from poliecies!!!!
ERROR: PUT /password 403 - 16:46:10 - Forbidden from poliecies!!!!
ERROR: PUT /password 403 - 16:46:13 - Forbidden from poliecies!!!!
ERROR: PUT /password 403 - 16:46:28 - Forbidden from poliecies!!!!
ERROR: PUT /password 403 - 16:48:02 - Forbidden from poliecies!!!!
ERROR: GET /api/users/password 400 . 16:58:33 SyntaxError: Unexpected token " in JSON at position 0
ERROR: GET /api/users/password 400 . 16:58:55 SyntaxError: Unexpected token " in JSON at position 0
ERROR: GET /api/users/password 400 . 16:59:28 SyntaxError: Unexpected token } in JSON at position 30
ERROR: GET /api/users/password undefined . 17:02:17 TypeError: next is not a function
ERROR: POST /api/sessions/login undefined . 17:19:33 Error: Bad auth from login
ERROR: PUT /password 403 - 17:23:23 - Forbidden from poliecies!!!!
ERROR: PUT /password 403 - 17:27:20 - Forbidden from poliecies!!!!
ERROR: PUT /password 403 - 17:30:11 - Forbidden from poliecies!!!!
ERROR: PUT /password 403 - 17:30:25 - Forbidden from poliecies!!!!
ERROR: POST /api/sessions/login undefined . 17:30:33 Error: Bad auth from login
ERROR: POST /api/sessions/login undefined . 17:31:33 Error: Bad auth from login
ERROR: PUT /password 403 - 17:35:19 - Forbidden from poliecies!!!!
ERROR: PUT /password 403 - 17:39:07 - Forbidden from poliecies!!!!
ERROR: PUT /password 403 - 17:46:33 - Forbidden from poliecies!!!!
ERROR: PUT /api/users/password undefined . 18:07:50 CastError: Cast to ObjectId failed for value "password" (type string) at path "_id" for model "users"
ERROR: GET /online 400 - 18:21:48 - No token provided
ERROR: GET /online 400 - 18:21:56 - No token provided
ERROR: POST /api/sessions/register undefined . 18:22:04 Error: Invalid credentials
ERROR: GET /online 400 - 18:36:00 - No token provided
ERROR: GET /online 400 - 18:38:36 - No token provided
ERROR: GET /online 400 - 18:39:43 - No token provided
ERROR: GET /online 400 - 18:40:03 - No token provided
ERROR: GET /online 400 - 18:40:14 - No token provided
ERROR: GET /online 400 - 18:40:34 - No token provided
ERROR: GET /online 400 - 09:31:40 - No token provided
ERROR: GET /online 400 - 10:07:26 - No token provided
ERROR: GET /online 400 - 10:08:46 - No token provided
ERROR: GET /online 400 - 10:09:43 - No token provided
ERROR: GET /online 400 - 10:09:51 - No token provided
ERROR: GET /online 400 - 10:10:14 - No token provided
ERROR: GET /online 400 - 10:10:22 - No token provided
ERROR: GET /online 400 - 10:15:30 - No token provided
ERROR: GET /online 400 - 10:16:49 - No token provided
ERROR: GET /online 400 - 10:41:22 - No token provided
ERROR: GET /online 400 - 10:41:40 - No token provided
ERROR: POST /api/users/password undefined . 10:41:48 TypeError: Cannot read properties of null (reading 'verifyCode')
ERROR: POST /api/users/password undefined . 10:42:59 TypeError: Cannot read properties of null (reading 'verifyCode')
ERROR: GET /online 400 - 10:45:46 - No token provided
ERROR: POST /api/users/password undefined . 10:45:57 TypeError: Cannot read properties of null (reading 'verifyCode')
ERROR: GET /online 400 - 10:47:00 - No token provided
ERROR: POST /api/users/password undefined . 10:49:05 TypeError: Cannot read properties of null (reading 'verifyCode')
ERROR: POST /api/users/password undefined . 10:50:34 TypeError: Cannot read properties of null (reading 'verifyCode')
ERROR: POST /api/users/password undefined . 10:52:43 TypeError: Cannot read properties of null (reading '_id')
ERROR: POST /api/sessions/login undefined . 11:05:16 Error: Bad auth from login
ERROR: POST /api/users/password undefined . 11:08:01 TypeError: Cannot read properties of null (reading '_id')
ERROR: POST /api/users/password undefined . 11:08:43 TypeError: Cannot read properties of null (reading '_id')
ERROR: POST /api/sessions/login undefined . 11:08:55 Error: Bad auth from login
ERROR: POST /api/sessions/login undefined . 11:09:04 Error: Bad auth from login
ERROR: POST /api/users/password undefined . 11:09:14 TypeError: Cannot read properties of null (reading '_id')
ERROR: POST /api/users/password undefined . 11:09:35 TypeError: Cannot read properties of null (reading '_id')
ERROR: POST /api/sessions/login undefined . 11:09:44 Error: Bad auth from login
ERROR: POST /api/sessions/login undefined . 11:09:47 Error: Bad auth from login
ERROR: POST /api/users/password undefined . 11:10:07 TypeError: Cannot read properties of null (reading '_id')
ERROR: POST /api/sessions/login undefined . 11:10:20 Error: Bad auth from login
ERROR: POST /api/users/password undefined . 11:26:29 Error: Invalid email
ERROR: GET /online 400 - 11:31:02 - No token provided
ERROR: GET /online 400 - 11:31:10 - No token provided
ERROR: GET /online 400 - 11:31:14 - No token provided
ERROR: GET /online 400 - 11:31:37 - No token provided
ERROR: POST /api/sessions/login undefined . 11:31:41 Error: Bad auth from login
ERROR: POST /api/sessions/login undefined . 11:31:53 Error: Bad auth from login
ERROR: POST /api/sessions/login undefined . 11:31:57 Error: Bad auth from login
ERROR: POST /api/sessions/login undefined . 11:32:00 Error: Bad auth from login
ERROR: POST /api/sessions/login undefined . 11:32:09 Error: Bad auth from login
ERROR: POST /api/sessions/login undefined . 11:32:28 Error: Bad auth from login
ERROR: POST /api/sessions/login undefined . 11:32:34 Error: Bad auth from login
ERROR: POST /api/sessions/login undefined . 11:32:37 Error: Bad auth from login
ERROR: GET /online 400 - 11:33:09 - No token provided
ERROR: GET /online 400 - 11:33:17 - No token provided
ERROR: GET /online 400 - 11:33:21 - No token provided
ERROR: GET /online 400 - 11:33:45 - No token provided
ERROR: GET /online 400 - 12:37:41 - No token provided
ERROR: GET /online 400 - 12:37:49 - No token provided
ERROR: GET /online 400 - 12:37:53 - No token provided
ERROR: GET /online 400 - 12:39:18 - No token provided
ERROR: GET /online 400 - 12:41:45 - No token provided
ERROR: POST /api/users/password undefined . 12:41:57 Error: Invalid credentials
ERROR: GET /online 400 - 12:42:08 - No token provided
ERROR: GET /online 400 - 12:42:12 - No token provided
ERROR: GET /online 400 - 12:43:39 - No token provided
ERROR: GET /online 400 - 12:44:08 - No token provided
ERROR: GET /online 400 - 12:44:15 - No token provided
ERROR: GET /online 400 - 12:46:44 - No token provided
ERROR: GET /online 400 - 14:31:22 - No token provided
ERROR: GET /online 400 - 14:32:42 - No token provided
ERROR: GET /online 400 - 14:47:00 - No token provided
ERROR: GET /online 400 - 14:47:46 - No token provided
ERROR: GET /online 400 - 14:47:52 - No token provided
ERROR: GET /online 400 - 14:47:57 - No token provided
ERROR: GET /online 400 - 14:48:02 - No token provided
ERROR: GET /online 400 - 14:48:08 - No token provided
ERROR: GET /online 400 - 14:48:34 - No token provided
ERROR: GET /online 400 - 14:48:48 - No token provided
ERROR: POST /api/users/password undefined . 15:00:11 Error: Invalid credentials
ERROR: GET /online 400 - 15:02:01 - No token provided
ERROR: GET /online 400 - 15:03:14 - No token provided
ERROR: GET /online 400 - 15:03:19 - No token provided
ERROR: GET /online 400 - 15:03:22 - No token provided
ERROR: GET /online 400 - 15:03:24 - No token provided
ERROR: GET /online 400 - 15:05:53 - No token provided
ERROR: GET /online 400 - 15:16:13 - No token provided
ERROR: POST /api/password undefined . 15:16:17 ReferenceError: readByEmailService is not defined
ERROR: POST /api/password undefined . 15:16:29 ReferenceError: readByEmailService is not defined
ERROR: GET /online 400 - 15:16:32 - No token provided
ERROR: GET /online 400 - 15:16:35 - No token provided
ERROR: GET /online 400 - 15:16:37 - No token provided
ERROR: POST /api/password undefined . 15:16:42 ReferenceError: readByEmailService is not defined
ERROR: GET /online 400 - 15:17:06 - No token provided
ERROR: GET /online 400 - 15:17:52 - No token provided
ERROR: GET /online 400 - 15:17:55 - No token provided
ERROR: POST /api/password undefined . 15:18:00 ReferenceError: readByEmailService is not defined
ERROR: POST /api/password undefined . 15:18:06 ReferenceError: readByEmailService is not defined
ERROR: GET /online 400 - 15:19:38 - No token provided
ERROR: GET /online 400 - 15:19:44 - No token provided
ERROR: GET /online 400 - 15:20:51 - No token provided
ERROR: GET /online 400 - 15:22:47 - No token provided
ERROR: GET /online 400 - 15:23:52 - No token provided
ERROR: GET /online 400 - 15:29:15 - No token provided
ERROR: GET /online 400 - 15:29:17 - No token provided
ERROR: GET /online 400 - 15:29:20 - No token provided
ERROR: GET /online 400 - 15:29:24 - No token provided
ERROR: GET /online 400 - 15:29:39 - No token provided
ERROR: GET /online 400 - 15:30:01 - No token provided
ERROR: GET /online 400 - 15:30:47 - No token provided
ERROR: GET /online 400 - 15:30:56 - No token provided
ERROR: GET /online 400 - 15:30:58 - No token provided
ERROR: GET /online 400 - 15:31:00 - No token provided
ERROR: POST /api/password undefined . 15:31:18 TypeError: Cannot read property 'toUpperCase' of undefined
ERROR: GET /online 400 - 15:32:30 - No token provided
ERROR: GET /online 400 - 15:32:31 - No token provided
ERROR: GET /online 400 - 15:32:33 - No token provided
ERROR: GET /online 400 - 15:32:35 - No token provided
ERROR: GET /online 400 - 15:32:59 - No token provided
ERROR: GET /online 400 - 15:33:40 - No token provided
ERROR: GET /online 400 - 15:33:41 - No token provided
ERROR: GET /online 400 - 15:33:42 - No token provided
ERROR: GET /online 400 - 15:33:44 - No token provided
ERROR: GET /online 400 - 15:34:07 - No token provided
ERROR: GET /online 400 - 15:34:30 - No token provided
ERROR: DELETE /api/carts/667c0c85ee20c7f01c0bc4b6 undefined . 15:35:27 TypeError: res.response is not a function
ERROR: DELETE /api/carts/667b3cbab9e66ea79717575e undefined . 15:35:33 TypeError: res.response is not a function
ERROR: GET /online 400 - 15:50:14 - No token provided
ERROR: GET /online 400 - 15:50:15 - No token provided
ERROR: GET /online 400 - 15:50:20 - No token provided
ERROR: GET /online 400 - 15:51:53 - No token provided
ERROR: GET /online 400 - 15:51:55 - No token provided
ERROR: GET /online 400 - 15:52:03 - No token provided
ERROR: GET /online 400 - 15:52:22 - No token provided
ERROR: GET /online 400 - 15:52:40 - No token provided
ERROR: GET /online 400 - 16:06:06 - No token provided
ERROR: GET /online 400 - 16:22:14 - No token provided
ERROR: GET /online 400 - 16:22:14 - No token provided
ERROR: GET /api/carts/paginate?user_id=undefined undefined . 16:22:14 CastError: Cast to ObjectId failed for value "undefined" (type string) at path "user_id" for model "carts"
ERROR: GET /online 400 - 18:46:34 - No token provided
ERROR: GET /online 400 - 18:47:20 - No token provided
ERROR: GET /online 400 - 18:47:25 - No token provided
ERROR: GET /online 400 - 18:48:08 - No token provided
ERROR: GET /online 400 - 18:48:13 - No token provided
ERROR: GET /online 400 - 18:50:57 - No token provided
ERROR: GET /online 400 - 18:52:18 - No token provided
ERROR: GET /online 400 - 18:52:24 - No token provided
ERROR: GET /online 400 - 18:52:36 - No token provided
ERROR: GET /online 400 - 19:08:03 - No token provided
ERROR: GET /online 400 - 19:08:13 - No token provided
ERROR: GET /online 400 - 19:08:59 - No token provided
ERROR: GET /online 400 - 19:09:15 - No token provided
ERROR: GET /online 400 - 19:09:29 - No token provided
ERROR: GET /online 400 - 19:09:40 - No token provided
ERROR: GET /online 400 - 19:09:46 - No token provided
ERROR: GET /online 400 - 19:09:48 - No token provided
ERROR: GET /online 400 - 19:09:49 - No token provided
ERROR: GET /online 400 - 19:12:09 - No token provided
ERROR: GET /online 400 - 19:12:33 - No token provided
ERROR: GET /online 400 - 19:12:40 - No token provided
ERROR: GET /online 400 - 19:12:53 - No token provided
ERROR: GET /online 400 - 19:13:20 - No token provided
ERROR: GET /online 400 - 19:14:38 - No token provided
ERROR: GET /online 400 - 19:15:15 - No token provided
ERROR: GET /online 400 - 19:15:19 - No token provided
ERROR: GET /online 400 - 19:19:14 - No token provided
ERROR: GET /online 400 - 19:19:15 - No token provided
ERROR: POST /api/sessions/login undefined . 19:19:19 Error: Bad auth from login
ERROR: GET /online 400 - 19:19:27 - No token provided
ERROR: GET /online 400 - 19:19:28 - No token provided
ERROR: GET /online 400 - 19:19:30 - No token provided
ERROR: GET /online 400 - 19:19:36 - No token provided
ERROR: GET /online 400 - 19:19:53 - No token provided
ERROR: GET /online 400 - 19:20:14 - No token provided
ERROR: GET /online 400 - 19:20:16 - No token provided
ERROR: GET /online 400 - 19:20:25 - No token provided
ERROR: GET /online 400 - 19:20:32 - No token provided
ERROR: POST /api/sessions/login undefined . 19:20:36 Error: Bad auth from login
ERROR: GET /online 400 - 19:20:42 - No token provided
ERROR: GET /online 400 - 19:20:43 - No token provided
ERROR: GET /online 400 - 19:20:50 - No token provided
ERROR: GET /online 400 - 19:21:48 - No token provided
ERROR: GET /online 400 - 19:23:40 - No token provided
ERROR: GET /online 400 - 19:23:48 - No token provided
ERROR: GET /online 400 - 19:24:50 - No token provided
ERROR: GET /online 400 - 19:25:11 - No token provided
ERROR: GET /online 400 - 19:25:28 - No token provided
ERROR: GET /online 400 - 19:25:29 - No token provided
ERROR: GET /online 400 - 19:25:37 - No token provided
ERROR: GET /online 400 - 19:27:22 - No token provided
ERROR: POST /api/users/password undefined . 19:27:32 Error: Invalid credentials
ERROR: GET /online 400 - 19:27:33 - No token provided
ERROR: GET /online 400 - 19:27:44 - No token provided
ERROR: GET /online 400 - 19:27:50 - No token provided
ERROR: GET /online 400 - 19:27:56 - No token provided
ERROR: GET /online 400 - 19:28:11 - No token provided
ERROR: GET /online 400 - 19:28:17 - No token provided
ERROR: GET /online 400 - 19:28:26 - No token provided
ERROR: GET /online 400 - 19:28:36 - No token provided
ERROR: GET /online 400 - 19:28:39 - No token provided
ERROR: GET /online 400 - 19:34:39 - No token provided
ERROR: GET /online 400 - 19:34:42 - No token provided
ERROR: GET /online 400 - 19:34:46 - No token provided
ERROR: GET /online 400 - 19:34:57 - No token provided
ERROR: GET /online 400 - 05:38:40 - No token provided
ERROR: GET /online 400 - 07:18:56 - No token provided
ERROR: GET /online 400 - 17:02:45 - No token provided
ERROR: GET /online 400 - 17:02:52 - No token provided
ERROR: GET /online 400 - 17:28:29 - No token provided
ERROR: GET /online 400 - 15:39:27 - No token provided
ERROR: GET /online 400 - 15:40:10 - No token provided
ERROR: POST / 400 - 15:40:44 - No token provided
ERROR: POST / 400 - 15:49:34 - No token provided
ERROR: POST / 400 - 16:09:51 - No token provided
ERROR: POST / 400 - 16:12:41 - No token provided
ERROR: POST / 400 - 16:17:26 - No token provided
ERROR: GET /online 400 - 16:25:04 - No token provided
ERROR: GET /online 400 - 16:25:07 - No token provided
ERROR: POST / 400 - 05:52:03 - No token provided
ERROR: POST / 400 - 05:52:47 - No token provided
ERROR: PUT /66a3f825fde03d406b463ec0 400 - 21:50:34 - No token provided
ERROR: GET /online 400 - 21:51:07 - No token provided
ERROR: GET /online 400 - 21:51:09 - No token provided
ERROR: GET /online 400 - 09:35:20 - No token provided
ERROR: GET /online 400 - 10:53:39 - No token provided
ERROR: GET /online 400 - 11:28:09 - No token provided
ERROR: GET /online 400 - 11:28:13 - No token provided
ERROR: GET /online 400 - 11:28:26 - No token provided
ERROR: DELETE /api/products/66aba4d98ee713cb534044e6 undefined . 05:12:01 TypeError: Cannot read properties of null (reading '_id')
ERROR: GET /online 400 - 06:16:50 - No token provided
ERROR: GET /online 400 - 11:24:05 - No token provided
ERROR: GET /online 400 - 11:55:03 - No token provided
ERROR: GET /online 400 - 11:55:35 - No token provided
ERROR: GET /online 400 - 11:56:09 - No token provided
ERROR: GET /online 400 - 11:56:14 - No token provided
ERROR: GET /online 400 - 11:58:11 - No token provided
ERROR: GET /online 400 - 11:58:16 - No token provided
ERROR: GET /api/sessions/online undefined . 12:00:12 TokenExpiredError: jwt expired
ERROR: GET /api/sessions/online undefined . 12:00:15 TokenExpiredError: jwt expired
ERROR: POST /api/carts undefined . 12:00:15 TokenExpiredError: jwt expired
ERROR: GET /api/sessions/online undefined . 12:00:23 TokenExpiredError: jwt expired
ERROR: DELETE /api/carts/66ae410ceb86023bcc23155f undefined . 12:24:59 TypeError: res.response is not a function
ERROR: DELETE /api/carts/66ae439b27a115f8962277bd undefined . 12:24:59 TypeError: res.response is not a function
ERROR: DELETE /api/carts/66ae40a54ff517213a76cb56 undefined . 12:24:59 TypeError: res.response is not a function
ERROR: DELETE /api/carts/66ae4328277c5de1b06f0d22 undefined . 12:24:59 TypeError: res.response is not a function
ERROR: DELETE /api/carts/66ae41c43d8fe86c008f4ec1 undefined . 12:24:59 TypeError: res.response is not a function
ERROR: DELETE /api/carts/66ae43bd4b8614226b85821a undefined . 12:24:59 TypeError: res.response is not a function
ERROR: DELETE /api/carts/66ae454805b25098d743d4c9 undefined . 12:24:59 TypeError: res.response is not a function
ERROR: DELETE /api/carts/66ae434e7f8ddc046bdc175d undefined . 12:24:59 TypeError: res.response is not a function
ERROR: DELETE /api/carts/66ae454405b25098d743d4c1 undefined . 12:24:59 TypeError: res.response is not a function
ERROR: DELETE /api/carts/66ae461fbe86946b4d5d144a undefined . 12:24:59 TypeError: res.response is not a function
ERROR: DELETE /api/carts/66ae4661b19b4804efb369e4 undefined . 12:25:10 TypeError: res.response is not a function
ERROR: DELETE /api/carts/66ae46ab7fbf6d0b68728a92 undefined . 12:25:10 TypeError: res.response is not a function
ERROR: DELETE /api/carts/66ae479d70049b989d72e627 undefined . 12:25:10 TypeError: res.response is not a function
ERROR: DELETE /api/carts/66ae48d4182ecf195b7895ed undefined . 12:25:10 TypeError: res.response is not a function
ERROR: DELETE /api/carts/66ae4763297f1721f6963db2 undefined . 12:25:10 TypeError: res.response is not a function
ERROR: DELETE /api/carts/66ae490c79368a1263f9bd56 undefined . 12:25:10 TypeError: res.response is not a function
ERROR: DELETE /api/carts/66ae49c757ea305e0235948f undefined . 12:25:10 TypeError: res.response is not a function
ERROR: DELETE /api/carts/66ae494513b83873c57505c4 undefined . 12:25:10 TypeError: res.response is not a function
ERROR: DELETE /api/carts/66ae47eb3d8ff494b375df1a undefined . 12:25:10 TypeError: res.response is not a function
ERROR: GET /api/sessions/online undefined . 12:41:50 TokenExpiredError: jwt expired
ERROR: GET /api/sessions/online undefined . 12:42:17 TokenExpiredError: jwt expired
ERROR: GET /online 400 - 02:03:42 - No token provided
ERROR: GET /online 400 - 02:03:46 - No token provided
<<<<<<< HEAD
ERROR: GET /api/sessions/online undefined . 10:51:20 TokenExpiredError: jwt expired
ERROR: GET /api/sessions/online undefined . 10:51:45 TokenExpiredError: jwt expired
ERROR: GET /api/sessions/online undefined . 10:52:17 TokenExpiredError: jwt expired
ERROR: GET /api/sessions/online undefined . 10:52:24 TokenExpiredError: jwt expired
=======
>>>>>>> 3eaf098772fa26d55ab22dd974ad890548ffdb48
ERROR: DELETE /api/carts/66b4d1b06563f9c2c4e3bf90 undefined . 11:10:08 TypeError: res.response is not a function
ERROR: GET /api/products/paginate/?category=&page=1 undefined . 12:43:56 StrictPopulateError: Cannot populate path `user_id` because it is not in your schema. Set the `strictPopulate` option to false to override.
ERROR: GET /online 400 - 12:43:56 - No token provided
ERROR: GET /api/products/paginate/?category=&page=1 undefined . 12:44:12 StrictPopulateError: Cannot populate path `user_id` because it is not in your schema. Set the `strictPopulate` option to false to override.
ERROR: GET /online 400 - 12:44:12 - No token provided
ERROR: GET /api/products/paginate/?category=&page=1 undefined . 12:45:04 StrictPopulateError: Cannot populate path `user_id` because it is not in your schema. Set the `strictPopulate` option to false to override.
ERROR: GET /online 400 - 12:45:04 - No token provided
ERROR: GET /online 400 - 12:45:14 - No token provided
ERROR: GET /api/products/paginate/?category=&page=1 undefined . 12:45:16 StrictPopulateError: Cannot populate path `user_id` because it is not in your schema. Set the `strictPopulate` option to false to override.
ERROR: GET /online 400 - 12:45:16 - No token provided
ERROR: GET /online 400 - 12:46:38 - No token provided
ERROR: GET /online 400 - 12:46:44 - No token provided
ERROR: GET /online 400 - 12:48:03 - No token provided
ERROR: GET /online 400 - 12:50:19 - No token provided
ERROR: GET /online 400 - 14:56:42 - No token provided
ERROR: GET /online 400 - 14:57:03 - No token provided
ERROR: GET /online 400 - 14:57:05 - No token provided
ERROR: POST /api/sessions/login 401 . 14:57:22 Error: Bad auth from login
ERROR: GET /online 400 - 14:57:57 - No token provided
ERROR: GET /online 400 - 14:59:06 - No token provided
ERROR: GET /api/products/paginate/?category=&page=1 undefined . 15:22:22 StrictPopulateError: Cannot populate path `user_id` because it is not in your schema. Set the `strictPopulate` option to false to override.
ERROR: GET /api/products undefined . 15:22:48 StrictPopulateError: Cannot populate path `user_id` because it is not in your schema. Set the `strictPopulate` option to false to override.
ERROR: POST /api/products/ undefined . 15:32:40 error
ERROR: DELETE /api/products/66b50f9139357df410c9dd92 undefined . 15:34:12 TypeError: Cannot read property '_id' of null
ERROR: POST /api/products/ undefined . 16:01:46 error
ERROR: POST /api/products/ undefined . 16:07:13 error
ERROR: POST /api/products/ undefined . 16:42:54 error
ERROR: POST /api/products/ undefined . 16:45:28 error
ERROR: POST /api/products/ undefined . 16:45:50 error
ERROR: POST /api/products/ undefined . 16:46:13 error
ERROR: POST /api/products/ undefined . 16:47:48 error
ERROR: POST /api/products/ undefined . 16:49:59 error
ERROR: POST /api/products/ undefined . 17:00:57 error
ERROR: POST /api/products/ 400 . 17:02:55 SyntaxError: Unexpected token { in JSON at position 220
ERROR: POST /api/products/ undefined . 17:04:39 error
ERROR: POST /api/products/ 400 . 17:04:48 SyntaxError: Unexpected end of JSON input
ERROR: POST /api/products/ undefined . 17:05:00 error
ERROR: POST /api/products/ undefined . 17:05:19 error
ERROR: GET /online 400 - 10:58:22 - No token provided
ERROR: GET /online 400 - 11:05:17 - No token provided
ERROR: GET /online 400 - 11:07:57 - No token provided
ERROR: POST /api/products/ undefined . 11:08:32 TokenExpiredError: jwt expired
ERROR: GET /online 400 - 11:37:03 - No token provided
ERROR: GET /online 400 - 11:39:11 - No token provided
ERROR: GET /online 400 - 11:40:00 - No token provided
ERROR: GET /online 400 - 11:42:06 - No token provided
ERROR: GET /online 400 - 11:42:13 - No token provided
ERROR: GET /online 400 - 11:42:43 - No token provided
ERROR: GET /online 400 - 11:43:17 - No token provided
ERROR: GET /online 400 - 11:45:54 - No token provided
ERROR: GET /online 400 - 11:46:44 - No token provided
ERROR: GET /online 400 - 11:46:57 - No token provided
ERROR: GET /online 400 - 11:47:13 - No token provided
ERROR: GET /online 400 - 11:47:38 - No token provided
ERROR: GET /online 400 - 12:09:10 - No token provided
ERROR: GET /online 400 - 12:12:12 - No token provided
ERROR: GET /online 400 - 12:16:01 - No token provided
ERROR: GET /online 400 - 12:17:05 - No token provided
ERROR: POST /api/products/ undefined . 04:16:53 error
ERROR: POST /api/products/ undefined . 04:17:48 error
ERROR: POST /api/products/ undefined . 04:17:53 error
ERROR: POST /api/products/ undefined . 04:17:54 error
ERROR: POST /api/products/ undefined . 04:17:54 error
ERROR: POST /api/products/ undefined . 04:17:54 error
ERROR: POST /api/products/ undefined . 04:17:54 error
ERROR: POST /api/products/ undefined . 04:19:01 error
ERROR: POST /api/products/ undefined . 04:20:49 error
ERROR: POST /api/products/ undefined . 04:23:45 error
ERROR: GET /online 400 - 06:38:44 - No token provided
ERROR: GET /online 400 - 06:38:47 - No token provided
ERROR: GET /online 400 - 07:22:09 - No token provided
ERROR: GET /online 400 - 07:22:13 - No token provided
ERROR: GET /online 400 - 07:24:15 - No token provided
ERROR: GET /online 400 - 07:24:18 - No token provided
ERROR: GET /online 400 - 07:47:41 - No token provided
ERROR: GET /online 400 - 07:47:45 - No token provided
ERROR: GET /online 400 - 07:47:48 - No token provided
ERROR: GET /online 400 - 10:01:04 - No token provided
ERROR: GET /online 400 - 10:01:10 - No token provided
ERROR: POST /api/products/ undefined . 10:26:04 error
ERROR: POST /api/products/ undefined . 10:26:27 error
ERROR: POST /api/products/ undefined . 10:26:58 error
ERROR: POST /api/products/ undefined . 10:31:29 error
ERROR: POST /api/products/ undefined . 10:31:45 error
ERROR: POST /api/products/ undefined . 10:36:02 error
ERROR: POST /api/products/ undefined . 10:37:51 error
ERROR: POST /api/carts undefined . 10:41:53 ValidationError: product_id: Cast to ObjectId failed for value "122" (type number) at path "product_id" because of "BSONError"
ERROR: POST /api/products/ undefined . 10:45:24 error
ERROR: POST /api/products/ undefined . 10:51:07 error
ERROR: POST /api/products/ undefined . 10:55:26 error
ERROR: POST /api/products/ undefined . 10:59:56 error
ERROR: POST /api/products/ undefined . 11:02:22 error
ERROR: GET /api/products undefined . 11:22:38 StrictPopulateError: Cannot populate path `supplier_id` because it is not in your schema. Set the `strictPopulate` option to false to override.
ERROR: GET /api/products undefined . 11:23:02 StrictPopulateError: Cannot populate path `supplier_id` because it is not in your schema. Set the `strictPopulate` option to false to override.
ERROR: POST /api/products/ undefined . 11:34:48 error
ERROR: POST /api/products/ undefined . 11:34:56 error
ERROR: POST /api/products/ undefined . 11:56:43 error
ERROR: POST /api/products/ undefined . 11:57:44 error
ERROR: POST /api/products/ undefined . 11:59:03 error
ERROR: POST /api/products/ undefined . 11:59:34 error
ERROR: POST /api/products/ undefined . 12:02:58 error
ERROR: POST /api/products/ undefined . 12:03:39 error
ERROR: POST /api/products/ undefined . 12:15:33 error
ERROR: POST /api/products/ undefined . 12:22:51 error
ERROR: POST /api/products/ undefined . 12:26:10 error
ERROR: POST /api/products/ undefined . 12:27:10 error
ERROR: POST /api/products/ undefined . 12:29:12 error
ERROR: POST /api/products/ undefined . 12:29:48 error
ERROR: POST /api/products/ undefined . 13:30:32 TokenExpiredError: jwt expired
ERROR: DELETE /api/products/66b79fd7315ac8d97e95305d undefined . 14:15:12 TypeError: Cannot read property 'supplier_id' of null
ERROR: DELETE /api/products/66801c1fbebbb33bb842582f undefined . 14:22:32 Error: NOoo
ERROR: GET /online 400 - 14:42:09 - No token provided
ERROR: GET /online 400 - 14:43:09 - No token provided
ERROR: GET /online 400 - 12:28:24 - No token provided
ERROR: GET /online 400 - 12:28:26 - No token provided
ERROR: POST /api/sessions/login undefined . 12:28:45 Error: Bad auth from login
ERROR: GET /online 400 - 12:30:43 - No token provided
ERROR: GET /online 400 - 12:30:45 - No token provided
ERROR: GET /readone/66ae40a54ff517213a76cb56 400 - 12:36:38 - Id not found
ERROR: GET /online 400 - 12:41:37 - No token provided
ERROR: GET /online 400 - 12:41:40 - No token provided
ERROR: DELETE /api/carts/66b8d90acc96f60257595cbf undefined . 12:53:05 TypeError: res.response is not a function
ERROR: DELETE /api/carts/66b8d8e9cc96f60257595c7c undefined . 12:53:11 TypeError: res.response is not a function
ERROR: DELETE /api/carts/66b8dc9ad3af823de55ad1c8 undefined . 12:53:11 TypeError: res.response is not a function
ERROR: DELETE /api/carts/66afb57b7a28b8cff3ed8818 undefined . 12:53:30 TypeError: res.response is not a function
ERROR: DELETE /api/carts/66b8de89630874257d051996 undefined . 12:55:36 TypeError: res.response is not a function
ERROR: GET /online 400 - 12:56:51 - No token provided
ERROR: GET /online 400 - 12:56:53 - No token provided
ERROR: GET /products/details/adidassuperstar04.jpg undefined . 12:58:46 CastError: Cast to ObjectId failed for value "adidassuperstar04.jpg" (type string) at path "_id" for model "products"
ERROR: GET /products/details/adidassuperstar04.jpg undefined . 13:03:05 CastError: Cast to ObjectId failed for value "adidassuperstar04.jpg" (type string) at path "_id" for model "products"
ERROR: GET /online 400 - 13:04:30 - No token provided
ERROR: GET /online 400 - 13:04:32 - No token provided
ERROR: DELETE /api/carts/66b76e7ccc0126d95bd7d9aa,%20()=%3Ewindow.location.reload() undefined . 13:05:21 CastError: Cast to ObjectId failed for value "66b76e7ccc0126d95bd7d9aa, ()=>window.location.reload()" (type string) at path "_id" for model "carts"
ERROR: DELETE /api/carts/66b76e7ccc0126d95bd7d9aa,%20()=%3Ewindow.location.reload() undefined . 13:05:26 CastError: Cast to ObjectId failed for value "66b76e7ccc0126d95bd7d9aa, ()=>window.location.reload()" (type string) at path "_id" for model "carts"
ERROR: DELETE /api/carts/66b76e7ccc0126d95bd7d9aa,%20()=%3Ewindow.location.reload() undefined . 13:05:31 CastError: Cast to ObjectId failed for value "66b76e7ccc0126d95bd7d9aa, ()=>window.location.reload()" (type string) at path "_id" for model "carts"
ERROR: DELETE /api/carts/66b7839f811f33a81b1551ce,%20()=%3Ewindow.location.reload() undefined . 13:05:35 CastError: Cast to ObjectId failed for value "66b7839f811f33a81b1551ce, ()=>window.location.reload()" (type string) at path "_id" for model "carts"
ERROR: DELETE /api/carts/66b76e7ccc0126d95bd7d9aa,%20()=%3Ewindow.location.reload() undefined . 13:05:38 CastError: Cast to ObjectId failed for value "66b76e7ccc0126d95bd7d9aa, ()=>window.location.reload()" (type string) at path "_id" for model "carts"
ERROR: DELETE /api/carts/66b76e7ccc0126d95bd7d9aa,%20()=%3Ewindow.location.reload() undefined . 13:05:42 CastError: Cast to ObjectId failed for value "66b76e7ccc0126d95bd7d9aa, ()=>window.location.reload()" (type string) at path "_id" for model "carts"
ERROR: DELETE /api/carts/66b76e7ccc0126d95bd7d9aa,%20()=%3Ewindow.location.reload() undefined . 13:05:48 CastError: Cast to ObjectId failed for value "66b76e7ccc0126d95bd7d9aa, ()=>window.location.reload()" (type string) at path "_id" for model "carts"
ERROR: DELETE /api/carts/66afa1a6b6561d5c9ba377c6,%20()=%3Ewindow.location.reload() undefined . 13:05:56 CastError: Cast to ObjectId failed for value "66afa1a6b6561d5c9ba377c6, ()=>window.location.reload()" (type string) at path "_id" for model "carts"
ERROR: DELETE /api/carts/66b76e7ccc0126d95bd7d9aa,%20()=%3Ewindow.location.reload() undefined . 13:07:37 CastError: Cast to ObjectId failed for value "66b76e7ccc0126d95bd7d9aa, ()=>window.location.reload()" (type string) at path "_id" for model "carts"
ERROR: DELETE /api/carts/66b76e7ccc0126d95bd7d9aa,%20()=%3Ewindow.location.reload() undefined . 13:08:04 CastError: Cast to ObjectId failed for value "66b76e7ccc0126d95bd7d9aa, ()=>window.location.reload()" (type string) at path "_id" for model "carts"
ERROR: DELETE /api/carts/66b8e1fb8055c598b11545e1,%20()=%3Ewindow.location.reload() undefined . 13:08:32 CastError: Cast to ObjectId failed for value "66b8e1fb8055c598b11545e1, ()=>window.location.reload()" (type string) at path "_id" for model "carts"
ERROR: DELETE /api/carts/66afa1a6b6561d5c9ba377c6 undefined . 13:08:43 TypeError: res.response is not a function
ERROR: DELETE /api/carts/66b76e7ccc0126d95bd7d9aa undefined . 13:08:43 TypeError: res.response is not a function
ERROR: DELETE /api/carts/66b8e1fb8055c598b11545e1 undefined . 13:08:43 TypeError: res.response is not a function
ERROR: DELETE /api/carts/66b7839f811f33a81b1551ce undefined . 13:08:43 TypeError: res.response is not a function
ERROR: DELETE /api/carts/66b8e2158fd9fd6e783b87ee,%20()=%3Ewindow.location.reload() undefined . 13:08:57 CastError: Cast to ObjectId failed for value "66b8e2158fd9fd6e783b87ee, ()=>window.location.reload()" (type string) at path "_id" for model "carts"
ERROR: DELETE /api/carts/66b8e2158fd9fd6e783b87ee undefined . 13:13:09 TypeError: res.response is not a function
ERROR: DELETE /api/carts/66b8e33d48f2d3a6ddb2a5d4 undefined . 13:13:51 TypeError: res.response is not a function
ERROR: DELETE /api/carts/66b8e35848f2d3a6ddb2a621 undefined . 13:14:18 TypeError: res.response is not a function
ERROR: DELETE /api/carts/66b8e34948f2d3a6ddb2a5f8 undefined . 13:14:18 TypeError: res.response is not a function
ERROR: GET /online 400 - 13:15:04 - No token provided
ERROR: GET /online 400 - 13:15:07 - No token provided
ERROR: GET /online 400 - 13:15:08 - No token provided
ERROR: DELETE /api/carts/66b8e3967dfe4c7c541c6e40 undefined . 13:15:22 TypeError: res.response is not a function
ERROR: DELETE /api/carts/66b8e3847dfe4c7c541c6e2a undefined . 13:20:04 TypeError: res.response is not a function
ERROR: DELETE /api/carts/66b8e4cecfb78244e4590988 undefined . 13:20:35 TypeError: res.response is not a function
ERROR: DELETE /api/carts/66b8e4c5cfb78244e4590975 undefined . 13:20:40 TypeError: res.response is not a function
ERROR: DELETE /api/carts/66b8e4bbe9d42371adaad230 undefined . 13:20:48 TypeError: res.response is not a function
ERROR: DELETE /api/carts/66b8e51603f962521158b252 undefined . 13:21:46 TypeError: res.response is not a function
ERROR: DELETE /api/carts/66b8e51003f962521158b23f undefined . 13:21:50 TypeError: res.response is not a function
ERROR: DELETE /api/carts/66b9114903f962521158b282 undefined . 16:30:21 TypeError: res.response is not a function
ERROR: DELETE /api/carts/66b9115903f962521158b2a6 undefined . 16:31:41 TypeError: res.response is not a function
ERROR: GET /online 400 - 16:31:42 - No token provided
ERROR: GET /online 400 - 16:31:44 - No token provided
ERROR: GET /online 400 - 16:32:16 - No token provided
ERROR: GET /online 400 - 16:32:18 - No token provided
ERROR: GET /online 400 - 16:33:32 - No token provided
ERROR: GET /online 400 - 16:33:34 - No token provided
ERROR: GET /products/details/adidassuperstar04.jpg undefined . 16:35:27 CastError: Cast to ObjectId failed for value "adidassuperstar04.jpg" (type string) at path "_id" for model "products"
ERROR: GET /online 400 - 16:36:03 - No token provided
ERROR: GET /online 400 - 16:36:06 - No token provided
ERROR: GET /online 400 - 16:45:08 - No token provided
ERROR: GET /online 400 - 16:45:10 - No token provided
ERROR: GET /products/details/drmartens1460.jpg undefined . 16:58:47 CastError: Cast to ObjectId failed for value "drmartens1460.jpg" (type string) at path "_id" for model "products"
ERROR: DELETE /api/carts/5b5e25d72ee456d19de9a99d undefined . 16:58:49 TypeError: Cannot read property '_id' of null
ERROR: DELETE /api/carts/5b5e25d72ee456d19de9a99d undefined . 16:58:54 TypeError: Cannot read property '_id' of null
ERROR: GET /products/details/drmartens1460.jpg undefined . 16:58:57 CastError: Cast to ObjectId failed for value "drmartens1460.jpg" (type string) at path "_id" for model "products"
ERROR: DELETE /api/carts/5b5e25d72ee456d19de9a99d undefined . 16:59:20 TypeError: Cannot read property '_id' of null
ERROR: GET /products/details/drmartens1460.jpg undefined . 16:59:30 CastError: Cast to ObjectId failed for value "drmartens1460.jpg" (type string) at path "_id" for model "products"
ERROR: DELETE /api/carts/00eed056947d19e0da274262 undefined . 16:59:41 TypeError: Cannot read property '_id' of null
ERROR: DELETE /api/carts/00eed056947d19e0da274262 undefined . 17:00:02 TypeError: Cannot read property '_id' of null
ERROR: DELETE /api/carts/6632d0069984c35bb08075d9 undefined . 17:02:06 TypeError: Cannot read property '_id' of null
ERROR: DELETE /api/carts/6632d0069984c35bb08075d9 undefined . 17:02:31 TypeError: Cannot read property '_id' of null
ERROR: GET /products/details/adidassuperstar04.jpg undefined . 17:03:37 CastError: Cast to ObjectId failed for value "adidassuperstar04.jpg" (type string) at path "_id" for model "products"
ERROR: DELETE /api/products/6632d0069984c35bb08075ed undefined . 17:03:40 Error: You do not own this product.
ERROR: GET /products/details/adidassuperstar04.jpg undefined . 17:03:46 CastError: Cast to ObjectId failed for value "adidassuperstar04.jpg" (type string) at path "_id" for model "products"
ERROR: GET /products/details/adidassuperstar04.jpg undefined . 17:04:35 CastError: Cast to ObjectId failed for value "adidassuperstar04.jpg" (type string) at path "_id" for model "products"
ERROR: GET /products/details/adidassuperstar04.jpg undefined . 17:07:58 CastError: Cast to ObjectId failed for value "adidassuperstar04.jpg" (type string) at path "_id" for model "products"
ERROR: GET /products/details/adidassuperstar04.jpg undefined . 17:08:06 CastError: Cast to ObjectId failed for value "adidassuperstar04.jpg" (type string) at path "_id" for model "products"
ERROR: GET /products/details/adidassuperstar04.jpg undefined . 17:09:04 CastError: Cast to ObjectId failed for value "adidassuperstar04.jpg" (type string) at path "_id" for model "products"
ERROR: GET /products/details/adidassuperstar04.jpg undefined . 17:09:45 CastError: Cast to ObjectId failed for value "adidassuperstar04.jpg" (type string) at path "_id" for model "products"
ERROR: GET /products/details/adidassuperstar04.jpg undefined . 17:10:49 CastError: Cast to ObjectId failed for value "adidassuperstar04.jpg" (type string) at path "_id" for model "products"
ERROR: GET /66b91b0e6f5eae849a650ddf 404 - 17:17:18 - Not found docs
ERROR: DELETE /api/products/6632d0069984c35bb08075d9 undefined . 17:17:50 Error: You do not own this product.
ERROR: DELETE /api/products/6632d0069984c35bb08075d9 undefined . 17:19:50 Error: You do not own this product.
ERROR: GET /products/details/merrellmoab2waterproof.jpg undefined . 17:21:02 CastError: Cast to ObjectId failed for value "merrellmoab2waterproof.jpg" (type string) at path "_id" for model "products"
ERROR: DELETE /api/products/6632d0069984c35bb08075f8 undefined . 17:21:03 Error: You do not own this product.
ERROR: GET /products/details/merrellmoab2waterproof.jpg undefined . 17:21:07 CastError: Cast to ObjectId failed for value "merrellmoab2waterproof.jpg" (type string) at path "_id" for model "products"
ERROR: GET /online 400 - 17:21:27 - No token provided
ERROR: GET /online 400 - 17:21:28 - No token provided
ERROR: GET /online 400 - 17:21:29 - No token provided
ERROR: GET /products/details/merrellmoab2waterproof.jpg undefined . 17:21:40 CastError: Cast to ObjectId failed for value "merrellmoab2waterproof.jpg" (type string) at path "_id" for model "products"
ERROR: DELETE /api/products/6632d0069984c35bb08075f8 undefined . 17:21:41 Error: You do not own this product.
ERROR: GET /products/details/merrellmoab2waterproof.jpg undefined . 17:22:21 CastError: Cast to ObjectId failed for value "merrellmoab2waterproof.jpg" (type string) at path "_id" for model "products"
ERROR: DELETE /api/products/6632d0069984c35bb08075f8 undefined . 17:22:23 Error: You do not own this product.
ERROR: GET /products/details/merrellmoab2waterproof.jpg undefined . 17:23:01 CastError: Cast to ObjectId failed for value "merrellmoab2waterproof.jpg" (type string) at path "_id" for model "products"
ERROR: GET /products/details/merrellmoab2waterproof.jpg undefined . 17:23:03 CastError: Cast to ObjectId failed for value "merrellmoab2waterproof.jpg" (type string) at path "_id" for model "products"
ERROR: DELETE /api/products/6632d0069984c35bb08075f8 undefined . 17:23:05 Error: You do not own this product.
ERROR: GET /products/details/merrellmoab2waterproof.jpg undefined . 17:23:56 CastError: Cast to ObjectId failed for value "merrellmoab2waterproof.jpg" (type string) at path "_id" for model "products"
ERROR: GET /6632d0069984c35bb08075f8 404 - 17:24:01 - Not found docs
ERROR: GET /products/details/kappa.jpg undefined . 17:24:11 CastError: Cast to ObjectId failed for value "kappa.jpg" (type string) at path "_id" for model "products"
ERROR: GET /products/details/vansoldskool05.jpg undefined . 17:24:20 CastError: Cast to ObjectId failed for value "vansoldskool05.jpg" (type string) at path "_id" for model "products"
ERROR: GET /products/details/adidassuperstar04.jpg undefined . 17:24:33 CastError: Cast to ObjectId failed for value "adidassuperstar04.jpg" (type string) at path "_id" for model "products"
ERROR: GET /online 400 - 17:25:00 - No token provided
ERROR: GET /online 400 - 17:25:02 - No token provided
ERROR: GET /online 400 - 17:25:09 - No token provided
ERROR: GET /online 400 - 17:25:27 - No token provided
ERROR: GET /products/details/pumasuedeclassic01.jpg undefined . 17:25:42 CastError: Cast to ObjectId failed for value "pumasuedeclassic01.jpg" (type string) at path "_id" for model "products"
ERROR: DELETE /api/products/6632d0069984c35bb08075ec undefined . 17:25:47 Error: You do not own this product.
ERROR: GET /products/details/pumasuedeclassic01.jpg undefined . 17:25:54 CastError: Cast to ObjectId failed for value "pumasuedeclassic01.jpg" (type string) at path "_id" for model "products"
ERROR: GET /products/details/asicsgelkayano27.jpg undefined . 17:26:57 CastError: Cast to ObjectId failed for value "asicsgelkayano27.jpg" (type string) at path "_id" for model "products"
ERROR: DELETE /api/products/6632d0069984c35bb08075f5 undefined . 17:26:58 Error: You do not own this product.
ERROR: GET /products/details/asicsgelkayano27.jpg undefined . 17:27:00 CastError: Cast to ObjectId failed for value "asicsgelkayano27.jpg" (type string) at path "_id" for model "products"
ERROR: GET /products/details/asicsgelkayano27.jpg undefined . 17:29:56 CastError: Cast to ObjectId failed for value "asicsgelkayano27.jpg" (type string) at path "_id" for model "products"
ERROR: GET /online 400 - 17:49:09 - No token provided
ERROR: GET /online 400 - 17:49:12 - No token provided
ERROR: GET /online 400 - 17:54:26 - No token provided
ERROR: GET /online 400 - 17:54:27 - No token provided
ERROR: GET /online 400 - 17:54:28 - No token provided
ERROR: GET /online 400 - 17:57:57 - No token provided
ERROR: GET /online 400 - 17:58:14 - No token provided
ERROR: GET /online 400 - 17:58:17 - No token provided
ERROR: GET /online 400 - 18:07:15 - No token provided
ERROR: GET /online 400 - 18:07:18 - No token provided
ERROR: GET /online 400 - 18:16:10 - No token provided
ERROR: GET /online 400 - 18:16:15 - No token provided
ERROR: GET /online 400 - 18:17:41 - No token provided
ERROR: GET /online 400 - 18:17:43 - No token provided
ERROR: GET /online 400 - 18:17:45 - No token provided
ERROR: GET /online 400 - 18:18:07 - No token provided
ERROR: GET /online 400 - 18:18:08 - No token provided
ERROR: GET /online 400 - 18:18:27 - No token provided
ERROR: GET /online 400 - 18:18:28 - No token provided
ERROR: GET /api/sessions/online undefined . 09:50:56 TokenExpiredError: jwt expired
ERROR: GET /api/sessions/online undefined . 09:57:45 TokenExpiredError: jwt expired
ERROR: DELETE /api/carts/66ba06e285e1afc3ae6a53c5 undefined . 09:58:17 TypeError: res.response is not a function
ERROR: DELETE /api/carts/66ba06e285e1afc3ae6a53c5 undefined . 09:58:20 TypeError: Cannot read properties of null (reading '_id')
ERROR: DELETE /api/carts/66ba06f685e1afc3ae6a53e5 undefined . 09:59:44 TypeError: res.response is not a function
ERROR: DELETE /api/carts/66ba06f685e1afc3ae6a53e5 undefined . 09:59:46 TypeError: Cannot read properties of null (reading '_id')
ERROR: DELETE /api/carts/66ba07484762d70d936ff357 undefined . 10:00:07 TypeError: res.response is not a function
ERROR: DELETE /api/carts/66ba07b8cd8f155c746d3f05 undefined . 10:01:51 TypeError: res.response is not a function
ERROR: DELETE /api/carts/66ba07b8cd8f155c746d3f05 undefined . 10:01:52 TypeError: Cannot read properties of null (reading '_id')
ERROR: DELETE /api/carts/66ba07c7cd8f155c746d3f2d undefined . 10:03:36 TypeError: res.response is not a function
ERROR: DELETE /api/carts/66ba07c7cd8f155c746d3f2d undefined . 10:03:37 TypeError: Cannot read properties of null (reading '_id')
ERROR: DELETE /api/carts/66ba083022d30d28116b42fc undefined . 10:03:54 TypeError: res.response is not a function
ERROR: DELETE /api/carts/66ba083022d30d28116b42fc undefined . 10:03:55 TypeError: Cannot read properties of null (reading '_id')
ERROR: DELETE /api/carts/66ba084222d30d28116b4324 undefined . 10:06:25 TypeError: res.response is not a function
ERROR: DELETE /api/carts/66ba084222d30d28116b4324 undefined . 10:06:26 TypeError: Cannot read properties of null (reading '_id')
ERROR: DELETE /api/carts/66ba08d9145c5b8559a8e686 undefined . 10:07:23 TypeError: res.response is not a function
ERROR: DELETE /api/carts/66ba08d9145c5b8559a8e686 undefined . 10:07:24 TypeError: Cannot read properties of null (reading '_id')
ERROR: DELETE /api/carts/66ba097af022cfbd014a95e7 undefined . 10:09:19 TypeError: res.response is not a function
ERROR: DELETE /api/carts/66ba09a62567c8231a05e1b6 undefined . 10:10:05 TypeError: res.response is not a function
ERROR: DELETE /api/carts/66ba09a62567c8231a05e1b6 undefined . 10:10:07 TypeError: Cannot read properties of null (reading '_id')
ERROR: DELETE /api/carts/66ba0b78b9e791efa03f8d2d undefined . 10:18:55 TypeError: res.response is not a function
ERROR: GET /online 400 - 10:21:47 - No token provided
ERROR: GET /online 400 - 10:25:06 - No token provided
ERROR: GET /products/details/caterpillarworkboot.jpg undefined . 10:36:39 CastError: Cast to ObjectId failed for value "caterpillarworkboot.jpg" (type string) at path "_id" for model "products"
ERROR: GET /products/details/drmartens1460.jpg undefined . 10:36:54 CastError: Cast to ObjectId failed for value "drmartens1460.jpg" (type string) at path "_id" for model "products"
ERROR: GET /6632d0069984c35bb08075f0 404 - 10:36:59 - Not found docs
ERROR: GET /products/details/brooksgoast13.jpg undefined . 10:37:16 CastError: Cast to ObjectId failed for value "brooksgoast13.jpg" (type string) at path "_id" for model "products"
ERROR: GET /online 400 - 10:37:57 - No token provided
ERROR: GET /online 400 - 10:38:02 - No token provided
ERROR: GET /online 400 - 11:06:12 - No token provided
ERROR: GET /online 400 - 11:07:30 - No token provided
ERROR: GET /online 400 - 11:07:38 - No token provided
ERROR: DELETE /api/carts/66ba19575f38a5736f75c67e undefined . 11:17:36 TypeError: res.response is not a function
ERROR: GET /66b795e507ff24b325a6b64a 404 - 11:19:44 - Not found docs
ERROR: GET /products/details/asicsgelkayano27.jpg undefined . 11:20:13 CastError: Cast to ObjectId failed for value "asicsgelkayano27.jpg" (type string) at path "_id" for model "products"
ERROR: GET /products/details/asicsgelkayano27.jpg undefined . 11:20:41 CastError: Cast to ObjectId failed for value "asicsgelkayano27.jpg" (type string) at path "_id" for model "products"
ERROR: GET /66ba19af5f38a5736f75c6ba 404 - 11:24:02 - Not found docs
ERROR: GET /66b795b2b3fb4f73c9aefff6 404 - 11:24:42 - Not found docs
ERROR: GET /online 400 - 11:26:49 - No token provided
ERROR: GET /online 400 - 11:26:54 - No token provided
ERROR: GET /66b79fb3315ac8d97e953059 404 - 11:28:35 - Not found docs
ERROR: GET /online 400 - 11:29:16 - No token provided
ERROR: GET /online 400 - 11:29:20 - No token provided
ERROR: DELETE /api/carts/66ba1c685f38a5736f75c793 undefined . 11:30:08 TypeError: res.response is not a function
ERROR: GET /online 400 - 12:25:01 - No token provided
ERROR: GET /online 400 - 12:25:08 - No token provided
ERROR: GET /online 400 - 12:25:08 - No token provided
ERROR: GET /online 400 - 12:25:13 - No token provided
ERROR: POST / 400 - 12:25:14 - No token provided
ERROR: GET /online 400 - 12:25:31 - No token provided
ERROR: GET /api/sessions/online undefined . 18:50:32 TokenExpiredError: jwt expired
ERROR: GET /api/sessions/online undefined . 18:50:37 TokenExpiredError: jwt expired
ERROR: GET /api/sessions/online undefined . 18:50:54 TokenExpiredError: jwt expired
ERROR: GET /api/products/paginate/?category=pants&page=1&supplier_id=!667b3772802ca3bea0430100 undefined . 20:06:50 CastError: Cast to ObjectId failed for value "!667b3772802ca3bea0430100" (type string) at path "supplier_id" for model "products"
ERROR: GET /api/products/paginate/?category=pants&page=1&supplier_id=!667b3772802ca3bea0430100 undefined . 20:06:57 CastError: Cast to ObjectId failed for value "!667b3772802ca3bea0430100" (type string) at path "supplier_id" for model "products"
ERROR: GET /online 400 - 09:36:36 - No token provided
ERROR: GET /online 400 - 09:36:36 - No token provided
ERROR: GET /online 400 - 09:36:45 - No token provided
ERROR: GET /products/me undefined . 10:09:27 Error: Failed to lookup view "home" in views directory "C:\Users\Salacrack\Desktop\server/src/views"
ERROR: GET /products/me undefined . 10:10:46 Error: Failed to lookup view "home" in views directory "C:\Users\Salacrack\Desktop\server/src/views"
ERROR: GET /products/ undefined . 10:14:23 Error: Failed to lookup view "home" in views directory "C:\Users\Salacrack\Desktop\server/src/views"
ERROR: DELETE /api/carts/66ba1a3d5f38a5736f75c6d4 undefined . 10:15:50 TypeError: res.response is not a function
ERROR: GET /products undefined . 10:16:33 Error: Failed to lookup view "home" in views directory "C:\Users\Salacrack\Desktop\server/src/views"
ERROR: GET /online 400 - 11:08:01 - No token provided
ERROR: GET /online 400 - 11:08:02 - No token provided
ERROR: GET /online 400 - 11:08:07 - No token provided
ERROR: GET /products/create undefined . 11:29:28 ReferenceError: create is not defined
ERROR: GET /products/create undefined . 11:30:14 ReferenceError: create is not defined
ERROR: GET /products/create undefined . 11:32:40 ReferenceError: create is not defined
ERROR: GET /products/create undefined . 11:33:40 ReferenceError: create is not defined
ERROR: GET /api/sessions/online undefined . 11:47:08 TypeError: this.model.readByEmail is not a function
ERROR: GET /api/products/paginate/?category=&page=1 undefined . 11:47:09 TypeError: this.model.paginate is not a function
ERROR: GET /online 400 - 12:18:09 - No token provided
ERROR: GET /online 400 - 12:18:09 - No token provided
ERROR: GET /online 400 - 12:18:14 - No token provided
ERROR: GET /online 400 - 12:18:19 - No token provided
ERROR: GET /online 400 - 12:18:20 - No token provided
ERROR: GET /online 400 - 12:18:25 - No token provided
ERROR: GET /online 400 - 12:18:27 - No token provided
ERROR: GET /online 400 - 12:18:28 - No token provided
ERROR: GET /online 400 - 12:18:29 - No token provided
ERROR: GET /online 400 - 12:18:31 - No token provided
ERROR: GET /online 400 - 12:18:32 - No token provided
ERROR: GET /online 400 - 12:18:33 - No token provided
ERROR: GET /online 400 - 12:18:34 - No token provided
ERROR: GET /online 400 - 12:18:35 - No token provided
ERROR: GET /online 400 - 12:18:42 - No token provided
ERROR: GET /products/details/asicsgelkayano27.jpg undefined . 12:19:25 CastError: Cast to ObjectId failed for value "asicsgelkayano27.jpg" (type string) at path "_id" for model "products"
ERROR: GET /6632d0069984c35bb08075f5 404 - 12:19:36 - Not found docs
ERROR: GET /online 400 - 12:19:43 - No token provided
ERROR: GET /online 400 - 12:19:43 - No token provided
ERROR: GET /online 400 - 12:19:46 - No token provided
